// Jest Snapshot v1, https://goo.gl/fbAQLP

exports[`VDataGridSelect.js renders 1`] = `
<div class="v-input theme--light v-text-field v-select">
  <div class="v-input__control">
    <div role="combobox" aria-haspopup="listbox" aria-expanded="false" aria-owns="list-1" class="v-input__slot">
      <div class="v-select__slot">
        <div class="v-select__selections"><input id="input-1" readonly="readonly" type="text" aria-readonly="false" autocomplete="off"></div>
        <div class="v-input__append-inner">
          <div class="v-input__icon v-input__icon--append"><i aria-hidden="true" class="v-icon notranslate mdi mdi-menu-down theme--light"></i></div>
        </div><input type="hidden">
      </div>
      <div class="v-menu">
        <div class="v-menu__content theme--light v-autocomplete__content" style="max-height: auto; min-width: 0px; max-width: auto; top: 12px; left: 0px; transform-origin: top left; z-index: 0; display: none;">
          <div class="v-select-list v-card theme--light" id="list-1">
            <div class="v-data-table theme--light">
              <div class="v-data-table__wrapper">
                <table>
                  <colgroup>
                    <col class="">
                  </colgroup>
                  <thead class="v-data-table-header">
                    <tr>
                      <th role="columnheader" scope="col" aria-label="" aria-sort="none" class="text-start" style="width: 1px; min-width: 1px;"><span></span></th>
                    </tr>
                  </thead>
                  <tbody>
                    <tr class="">
                      <td class="text-start">
                        <div class="v-data-table__checkbox v-simple-checkbox">
                          <div class="v-input--selection-controls__ripple"></div><i aria-hidden="true" class="v-icon notranslate mdi mdi-checkbox-blank-outline theme--light"></i>
                        </div>
                      </td>
                    </tr>
                  </tbody>
                </table>
              </div>
              <div class="v-data-footer">
                <div class="v-data-footer__select">Rows per page:<div class="v-input v-input--hide-details v-input--is-label-active v-input--is-dirty theme--light v-text-field v-select">
                    <div class="v-input__control">
                      <div role="button" aria-haspopup="listbox" aria-expanded="false" aria-owns="list-13" class="v-input__slot">
                        <div class="v-select__slot">
                          <div class="v-select__selections">
                            <div class="v-select__selection v-select__selection--comma">10</div><input aria-label="$vuetify.dataTable.itemsPerPageText" id="input-13" readonly="readonly" type="text" aria-readonly="false" autocomplete="off">
                          </div>
                          <div class="v-input__append-inner">
                            <div class="v-input__icon v-input__icon--append"><i aria-hidden="true" class="v-icon notranslate mdi mdi-menu-down theme--light"></i></div>
                          </div><input type="hidden" value="10">
                        </div>
                        <div class="v-menu">
                          <!---->
                        </div>
                      </div>
                    </div>
                  </div>
                </div>
                <div class="v-data-footer__pagination">1-1 of 1</div>
                <div class="v-data-footer__icons-before"><button type="button" disabled="disabled" class="v-btn v-btn--disabled v-btn--flat v-btn--icon v-btn--round v-btn--text theme--light v-size--default" aria-label="Previous page"><span class="v-btn__content"><i aria-hidden="true" class="v-icon notranslate mdi mdi-chevron-left theme--light"></i></span></button></div>
                <div class="v-data-footer__icons-after"><button type="button" disabled="disabled" class="v-btn v-btn--disabled v-btn--flat v-btn--icon v-btn--round v-btn--text theme--light v-size--default" aria-label="Next page"><span class="v-btn__content"><i aria-hidden="true" class="v-icon notranslate mdi mdi-chevron-right theme--light"></i></span></button></div>
              </div>
            </div>
          </div>
        </div>
      </div>
    </div>
    <div class="v-text-field__details">
      <div class="v-messages theme--light"><span name="message-transition" tag="div" class="v-messages__wrapper"></span></div>
    </div>
  </div>
</div>
`;
