// Jest Snapshot v1, https://goo.gl/fbAQLP

exports[`VTreeSelect.js renders 1`] = `
<div class="v-input theme--light v-text-field v-select">
  <div class="v-input__control">
    <div role="combobox" aria-haspopup="listbox" aria-expanded="false" aria-owns="list-1" class="v-input__slot">
      <div class="v-select__slot">
        <div class="v-select__selections"><input id="input-1" readonly="readonly" type="text" aria-readonly="true"></div>
        <div class="v-input__append-inner">
          <div class="v-input__icon v-input__icon--append"><i aria-hidden="true" class="v-icon notranslate mdi mdi-menu-down theme--light"></i></div>
        </div><input type="hidden">
      </div>
      <div class="v-menu">
        <div class="v-menu__content theme--light v-autocomplete__content" style="max-height: auto; min-width: 0px; max-width: auto; top: 12px; left: 0px; transform-origin: top left; z-index: 0; display: none;"></div>
      </div>
    </div>
    <div class="v-text-field__details">
      <div class="v-messages theme--light"><span name="message-transition" tag="div" class="v-messages__wrapper"></span></div>
    </div>
  </div>
</div>
`;
